1767464119039	geckodriver	INFO	Listening on 127.0.0.1:52493
1767464122143	mozrunner::runner	INFO	Running command: "C:\\Program Files\\Mozilla Firefox\\firefox.exe" "--marionette" "--remote-debugging-port" "52494" "--remote-allow-hosts" "localhost" "-no-remote" "-profile" "C:\\Users\\marou\\AppData\\Local\\Temp\\rust_mozprofile0EPKSG"
console.warn: services.settings: Ignoring preference override of remote settings server
console.warn: services.settings: Allow by setting MOZ_REMOTE_SETTINGS_DEVTOOLS=1 in the environment
Dynamically enable window occlusion 0
1767464122944	Marionette	INFO	Marionette enabled
1767464123254	Marionette	INFO	Listening on port 52503
WebDriver BiDi listening on ws://127.0.0.1:52494
Read port: 52503
1767464123406	RemoteAgent	WARN	TLS certificate errors will be ignored for this session
1767464144657	Marionette	INFO	Stopped listening on port 52503
Dynamically enable window occlusion 1
console.error: "Failed to fetch https://spocs.getpocket.com/user:" "NetworkError when attempting to fetch resource."
console.error: (new TypeError("NetworkError when attempting to fetch resource.", ""))
console.error: (new Error("OHTTP was configured for https://ads.mozilla.org/v1/delete_user but we couldn't fetch a valid config", "moz-src:///browser/modules/ContextId.sys.mjs", 234))
console.warn: TopSitesFeed: Failed to fetch data from MARS server: NetworkError when attempting to fetch resource.
JavaScript error: resource://gre/modules/ObliviousHTTP.sys.mjs, line 105: NS_ERROR_XPC_CANT_CONVERT_PRIMITIVE_TO_ARRAY: Cannot convert primitive JavaScript value into an array arg 2 [nsIObliviousHttpService.newChannel]
JavaScript error: resource://services-settings/RemoteSettingsClient.sys.mjs, line 102: Error: Unknown callback
1767534390393	geckodriver	INFO	Listening on 127.0.0.1:49667
1767534393499	mozrunner::runner	INFO	Running command: "C:\\Program Files\\Mozilla Firefox\\firefox.exe" "--marionette" "--remote-debugging-port" "49671" "--remote-allow-hosts" "localhost" "-no-remote" "-profile" "C:\\Users\\marou\\AppData\\Local\\Temp\\rust_mozprofilei2NNex"
console.warn: services.settings: Ignoring preference override of remote settings server
console.warn: services.settings: Allow by setting MOZ_REMOTE_SETTINGS_DEVTOOLS=1 in the environment
Dynamically enable window occlusion 0
1767534394260	Marionette	INFO	Marionette enabled
1767534394442	Marionette	INFO	Listening on port 60552
WebDriver BiDi listening on ws://127.0.0.1:49671
Read port: 60552
1767534394734	RemoteAgent	WARN	TLS certificate errors will be ignored for this session
1767534420350	Marionette	INFO	Stopped listening on port 60552
Dynamically enable window occlusion 1
console.error: "Failed to fetch https://spocs.getpocket.com/user:" "NetworkError when attempting to fetch resource."
console.error: (new TypeError("NetworkError when attempting to fetch resource.", ""))
console.error: (new Error("OHTTP was configured for https://ads.mozilla.org/v1/delete_user but we couldn't fetch a valid config", "moz-src:///browser/modules/ContextId.sys.mjs", 234))
console.warn: TopSitesFeed: Failed to fetch data from MARS server: NetworkError when attempting to fetch resource.
JavaScript error: resource://gre/modules/ObliviousHTTP.sys.mjs, line 105: NS_ERROR_XPC_CANT_CONVERT_PRIMITIVE_TO_ARRAY: Cannot convert primitive JavaScript value into an array arg 2 [nsIObliviousHttpService.newChannel]
JavaScript error: resource://services-settings/RemoteSettingsClient.sys.mjs, line 102: Error: Unknown callback
